---
source: src/parser/rename.rs
expression: reference_fn(&pos_non_ref)
---
[]
