---
source: src/parser/diagnostics.rs
expression: parsed.unwrap().collect_parse_errors()
---
uri: "file://foo/bar.proto"
diagnostics:
  - range:
      start:
        line: 6
        character: 8
      end:
        line: 6
        character: 19
    severity: 1
    source: protols
    message: Syntax error
