---
source: src/parser/tree.rs
expression: names
---
- Book
- Author
