---
source: src/parser/definition.rs
expression: "tree.definition(&posinvalid, contents)"
---
[]
