---
source: src/parser/rename.rs
expression: tree.can_rename(&pos_non_rename)
---
~
