---
source: src/parser/hover.rs
expression: res
---
- A Book is book
