---
source: src/parser/rename.rs
expression: tree.can_rename(&pos_outer_type)
---
~
