---
source: src/parser/rename.rs
expression: "tree.rename_fields(\"xyz.abc\", \"Doesn't matter\", contents)"
---
[]
