---
source: src/parser/tree.rs
expression: imports
---
- foo/bar.proto
- baz/bar.proto
