---
source: src/parser/hover.rs
expression: res
---
[]
