---
source: src/parser/tree.rs
expression: package_name
---
com.parser
