---
source: src/formatter/clang.rs
expression: r
---
replacements: []
