---
source: src/formatter/clang.rs
expression: r
---
line: 0
character: 0
