---
source: src/workspace/hover.rs
expression: "state.hover(\"com.library\", \"Author\")"
---
- A author is a author
