---
source: src/workspace/hover.rs
expression: "state.hover(&ipath, \"com.workspace\",\nHoverables::ImportPath(\"c.proto\".to_string()))"
snapshot_kind: text
---
kind: markdown
value: "Import: `c.proto` protobuf file,\n---\nIncluded from src/workspace/input/c.proto"
