---
source: src/workspace/hover.rs
expression: "state.hover(\"com.utility\", \"Baz\")"
---
- What is baz?
