---
source: src/workspace/definition.rs
expression: "state.definition(&vec![std::env::current_dir().unwrap().join(&ipath[0])],\n\"com.workspace\", Jumpable::Import(\"c.proto\".to_owned())).len()"
snapshot_kind: text
---
1
