---
source: src/workspace/hover.rs
expression: "state.hover(\"com.workspace\", \"int64\")"
snapshot_kind: text
---
kind: markdown
value: "*int64* builtin type, A 64-bit integer (varint encoding)\n---\nValues of this type range between `-9223372036854775808` and `9223372036854775807`.\nBeware that negative values are encoded as ten bytes on the wire!"
