---
source: src/workspace/hover.rs
expression: "state.hover(&ipath, \"com.inner\",\nHoverables::Identifier(\".com.inner.secret.SomeSecret\".to_string()))"
---
kind: markdown
value: "`SomeSecret` message or enum type, package: `com.inner.secret`\n---\nSomeSecret is a real secret with hidden string"
