---
source: src/workspace/hover.rs
expression: "state.hover(\"com.library\", \"com.utility.Foobar.Baz\")"
---
- What is baz?
