---
source: src/workspace/hover.rs
expression: "state.hover(\"com.utility\", \"Baz\")"
snapshot_kind: text
---
kind: markdown
value: "`Baz` message or enum type, package: `com.utility`\n---\nWhat is baz?"
