---
source: src/config/workspace.rs
expression: ws.get_config_for_uri(&inworkspace2).unwrap()
---
config:
  include_paths: []
  path:
    clang_format: clang-format
    protoc: protoc
