---
source: src/config/workspace.rs
expression: ws.get_config_for_uri(&inworkspace).unwrap()
---
config:
  include_paths:
    - foobar
    - bazbaaz
  path:
    clang_format: /usr/bin/clang-format
    protoc: /usr/bin/protoc
